Last login: Fri Aug 30 01:01:37 on ttys003
(base) takeuchitakuya@takeuchitakuyanoMacBook-Air ~ % cd ~/Desktop/aaa/git_tutorial
(base) takeuchitakuya@takeuchitakuyanoMacBook-Air git_tutorial % git status
On branch main
Changes to be committed:
  (use "git restore --staged <file>..." to unstage)
	modified:   index.html

(base) takeuchitakuya@takeuchitakuyanoMacBook-Air git_tutorial % git commit -m
error: switch `m' requires a value
(base) takeuchitakuya@takeuchitakuyanoMacBook-Air git_tutorial % git status
On branch main
Changes to be committed:
  (use "git restore --staged <file>..." to unstage)
	modified:   index.html

(base) takeuchitakuya@takeuchitakuyanoMacBook-Air git_tutorial % git commit
hint: Waiting for your editor to close the file... 





aaaaaa
# Please enter the commit message for your changes. Lines starting
# with '#' will be ignored, and an empty message aborts the commit.
#
# On branch main
# Changes to be committed:
#       modified:   index.html
#
~                                                                               
~                                                                               
~                                                                               
~                                                                               
~                                                                               
~                                                                               
~                                                                               
~                                                                               
~                                                                               
~                                                                               
~                                                                               
~                                                                               
~                                                                               
~                                                                               
~                                                                               
-- INSERT -- 
